// Jest Snapshot v1, https://goo.gl/fbAQLP

exports[`renders text using each item in items prop array - snapshot 1`] = `
<ul>
  <li>
    
    item1
  
  </li>
  <li>
    
    item2
  
  </li>
</ul>
`;
